src/app/user/bookings/page.tsx(76,34): error TS2638: Type '{}' may represent a primitive value, which is not permitted as the right operand of the 'in' operator.
src/app/user/discover/page.tsx(38,25): error TS2339: Property 'studios' does not exist on type '{}'.
src/app/user/review/page.tsx(24,32): error TS2339: Property 'booking' does not exist on type '{}'.
src/app/user/review/page.tsx(28,5): error TS2345: Argument of type '(data: any) => Promise<unknown>' is not assignable to parameter of type '(...args: unknown[]) => Promise<{ error?: string | undefined; }>'.
  Type 'Promise<unknown>' is not assignable to type 'Promise<{ error?: string | undefined; }>'.
    Type 'unknown' is not assignable to type '{ error?: string | undefined; }'.
src/components/screens/AddWalkIn.tsx(128,71): error TS2559: Type 'string' has no properties in common with type 'Properties<string | number, string & {}>'.
src/components/screens/Analytics.tsx(159,72): error TS2322: Type '{ children: Element[]; className: string; preserveaspectratio: string; viewbox: string; }' is not assignable to type 'SVGProps<SVGSVGElement>'.
  Property 'preserveaspectratio' does not exist on type 'SVGProps<SVGSVGElement>'. Did you mean 'preserveAspectRatio'?
src/components/screens/Analytics.tsx(161,1): error TS2339: Property 'lineargradient' does not exist on type 'JSX.IntrinsicElements'.
src/components/screens/Analytics.tsx(164,1): error TS2339: Property 'lineargradient' does not exist on type 'JSX.IntrinsicElements'.
src/components/screens/Analytics.tsx(185,53): error TS2322: Type '{ children: Element[]; className: string; viewbox: string; }' is not assignable to type 'SVGProps<SVGSVGElement>'.
  Property 'viewbox' does not exist on type 'SVGProps<SVGSVGElement>'. Did you mean 'viewBox'?
src/components/screens/BarberManagement.tsx(145,49): error TS2559: Type 'string' has no properties in common with type 'Properties<string | number, string & {}>'.
src/components/screens/BarberManagement.tsx(180,49): error TS2559: Type 'string' has no properties in common with type 'Properties<string | number, string & {}>'.
src/components/screens/BarberManagement.tsx(215,49): error TS2559: Type 'string' has no properties in common with type 'Properties<string | number, string & {}>'.
src/components/screens/BookingDetail.tsx(182,86): error TS2559: Type 'string' has no properties in common with type 'Properties<string | number, string & {}>'.
src/components/screens/BookingDetail.tsx(227,99): error TS2559: Type 'string' has no properties in common with type 'Properties<string | number, string & {}>'.
src/components/screens/OwnerDashboard.tsx(159,90): error TS2559: Type 'string' has no properties in common with type 'Properties<string | number, string & {}>'.
src/components/screens/Payments.tsx(50,66): error TS2559: Type 'string' has no properties in common with type 'Properties<string | number, string & {}>'.
src/components/screens/Payments.tsx(112,97): error TS2559: Type 'string' has no properties in common with type 'Properties<string | number, string & {}>'.
src/components/screens/Payments.tsx(137,49): error TS2559: Type 'string' has no properties in common with type 'Properties<string | number, string & {}>'.
src/components/screens/Payments.tsx(144,52): error TS2559: Type 'string' has no properties in common with type 'Properties<string | number, string & {}>'.
src/components/screens/ServiceCatalog.tsx(192,263): error TS2322: Type 'string' is not assignable to type 'number'.
src/components/screens/ShopSettings.tsx(130,186): error TS2322: Type 'string' is not assignable to type 'number'.
src/components/screens/ShopSettings.tsx(223,126): error TS2322: Type 'string' is not assignable to type 'boolean | undefined'.
src/components/screens/ShopSettings.tsx(225,126): error TS2322: Type 'string' is not assignable to type 'boolean | undefined'.
src/components/screens/ShopSettings.tsx(323,45): error TS2559: Type 'string' has no properties in common with type 'Properties<string | number, string & {}>'.
src/components/screens/SlotConfiguration.tsx(30,72): error TS2559: Type 'string' has no properties in common with type 'Properties<string | number, string & {}>'.
src/components/screens/SlotConfiguration.tsx(104,9): error TS2322: Type 'string' is not assignable to type 'boolean | undefined'.
